[www.isoftservices.io/index.html]
[www.isoftservices.io/t.0.delayed]
[www.isoftservices.io/e.1.delayed]
[backblue.gif]
[fade.gif]
[index.html]
[www.isoftservices.io/manufacturing.html]
[www.isoftservices.io/financial-services.html]
[www.isoftservices.io/healthcare.html]
[www.isoftservices.io/technology-and-software.html]
[www.isoftservices.io/public-sector.html]
[www.isoftservices.io/energy.html]
[www.isoftservices.io/retail.html]
[www.isoftservices.io/success-stories.html]
[www.isoftservices.io/who-we-are.html]
[www.isoftservices.io/our-culture.html]
[www.isoftservices.io/career.html]
[www.isoftservices.io/brand-value.html]
[www.isoftservices.io/contact.html]
[www.isoftservices.io/this-healthcare-giant-benefited-in-the-most-unexpected-ways.html]
[www.isoftservices.io/our-client-successfully-upped-their-manufacturing-game.html]
[www.isoftservices.io/data-and-ai.html]
[www.isoftservices.io/cloud.html]
[www.isoftservices.io/consulting.html]
[www.isoftservices.io/window.location.15.delayed]
[www.isoftservices.io/strategic-staffing.html]
[www.isoftservices.io/sitemap.xml]
[www.isoftservices.io/feed.17.delayed]
[www.isoftservices.io/decodeURIComponent(e.18.delayed]
[www.isoftservices.io/index.html]
[www.isoftservices.io/t.html]
[www.isoftservices.io/e.html]
[www.isoftservices.io/manufacturing.html]
[www.isoftservices.io/financial-services.html]
[www.isoftservices.io/healthcare.html]
[www.isoftservices.io/public-sector.html]
[www.isoftservices.io/technology-and-software.html]
[www.isoftservices.io/retail.html]
[www.isoftservices.io/energy.html]
[www.isoftservices.io/success-stories.html]
[www.isoftservices.io/who-we-are.html]
[www.isoftservices.io/our-culture.html]
[www.isoftservices.io/brand-value.html]
[www.isoftservices.io/career.html]
[www.isoftservices.io/contact.html]
[www.isoftservices.io/this-healthcare-giant-benefited-in-the-most-unexpected-ways.html]
[www.isoftservices.io/our-client-successfully-upped-their-manufacturing-game.html]
[www.isoftservices.io/data-and-ai.html]
[www.isoftservices.io/cloud.html]
[www.isoftservices.io/consulting.html]
[www.isoftservices.io/strategic-staffing.html]
[www.isoftservices.io/window.location.html]
[www.isoftservices.io/api.19.delayed]
[www.isoftservices.io/api/index.html]
[www.isoftservices.io/envelope.1a.delayed]
[www.isoftservices.io/envelope/index.html]
[www.isoftservices.io/feed.html]
[www.isoftservices.io/decodeURIComponent(e.html]
[www.isoftservices.io/api.html]
[www.isoftservices.io/envelope.html]
